result: 4649
result: 60
result: 20
result: 3
result: 100
result: A
result: 1
result: 0
result: 0
result: 1
result: 0
result: 1
result: 0
result: 0
result: 0
result: 1
result: 1
result: 1
result: 0
result: 1
result: 0
result: 1
result: 4649
result: 30
result: 99
result: 5678
